<html>
<body>
<pre>
<h1>µVision Build Log</h1>
<h2>Project:</h2>
C:\Keil\Labware\connectfour_2players\connectfour_2players\SpaceInvaders.uvproj
Project File Date:  06/06/2018

<h2>Output:</h2>
Build target 'SpaceInvaders'
compiling connect4.c...
connect4.c(51): warning:  #1295-D: Deprecated declaration gameShow - give arg types
  void gameShow();
connect4.c: 1 warning, 0 errors
linking...
Program Size: Code=7048 RO-data=1924 RW-data=140 ZI-data=1900  
".\SpaceInvaders.axf" - 0 Error(s), 1 Warning(s).
</pre>
</body>
</html>
